// Jest Snapshot v1, https://jestjs.io/docs/snapshot-testing

exports[`Todo Item Match snapshot 1`] = `
<DocumentFragment>
  <div
    class="flex items-center justify-between bg-white rounded p-3 shadow-sm"
  >
    <span
      class="px-4 py-2 rounded cursor-pointer bg-white hover:bg-gray-50"
    >
      1. Learn Testing
    </span>
    <button
      class="ml-3 text-red-400 hover: text-red-700 font-bold"
    >
      Ã—
    </button>
  </div>
</DocumentFragment>
`;
